[22/Sep/2026 00:04:08] "GET /admin/ HTTP/1.1" 302 0
[22/Sep/2026 00:04:08] "GET /admin/login/?next=/admin/ HTTP/1.1" 200 3652
[22/Sep/2026 00:04:11] "GET /admin/assignments/assignmentlot/?o=2 HTTP/1.1" 200 32617
[22/Sep/2026 00:04:11] "GET /admin/jsi18n/ HTTP/1.1" 200 3342
[22/Sep/2026 00:04:11] "GET /admin/assignments/assignmentlot/?o=2 HTTP/1.1" 200 32617
[22/Sep/2026 00:37:01] "GET /admin/ HTTP/1.1" 302 0
[22/Sep/2026 00:37:01] "GET /admin/login/?next=/admin/ HTTP/1.1" 200 3652
[22/Sep/2026 00:40:30] "GET /admin/assignments/assignmentlot/?o=2 HTTP/1.1" 200 32617
[22/Sep/2026 00:40:31] "GET /static/admin/css/base.css HTTP/1.1" 200 22120
[22/Sep/2026 00:40:31] "GET /static/admin/css/forms.css HTTP/1.1" 200 8525
[22/Sep/2026 00:40:31] "GET /static/admin/css/responsive.css HTTP/1.1" 200 16565
[22/Sep/2026 00:40:31] "GET /admin/jsi18n/ HTTP/1.1" 200 3342
[22/Sep/2026 00:40:31] "GET /static/admin/control_panel.css HTTP/1.1" 200 506
[22/Sep/2026 00:40:31] "GET /static/admin/js/jquery.init.js HTTP/1.1" 200 347
[22/Sep/2026 00:40:31] "GET /static/admin/js/core.js HTTP/1.1" 200 6208
[22/Sep/2026 00:40:31] "GET /static/admin/js/admin/RelatedObjectLookups.js HTTP/1.1" 200 9777
[22/Sep/2026 00:40:31] "GET /static/admin/js/vendor/jquery/jquery.js HTTP/1.1" 200 285314
[22/Sep/2026 00:40:31] "GET /static/admin/js/actions.js HTTP/1.1" 200 8076
[22/Sep/2026 00:40:31] "GET /static/admin/js/urlify.js HTTP/1.1" 200 7887
[22/Sep/2026 00:40:31] "GET /static/admin/js/prepopulate.js HTTP/1.1" 200 1531
[22/Sep/2026 00:40:31] "GET /static/admin/img/search.svg HTTP/1.1" 200 458
[22/Sep/2026 00:40:31] "GET /static/admin/js/theme.js HTTP/1.1" 200 1653
[22/Sep/2026 00:40:31] "GET /static/admin/js/vendor/xregexp/xregexp.js HTTP/1.1" 200 325171
[22/Sep/2026 00:40:31] "GET /static/admin/css/nav_sidebar.css HTTP/1.1" 200 2810
[22/Sep/2026 00:40:31] "GET /static/admin/css/dark_mode.css HTTP/1.1" 200 2808
[22/Sep/2026 00:40:31] "GET /static/admin/css/changelists.css HTTP/1.1" 200 6878
[22/Sep/2026 00:40:31] "GET /static/admin/css/widgets.css HTTP/1.1" 200 11991
[22/Sep/2026 00:40:31] "GET /static/admin/js/nav_sidebar.js HTTP/1.1" 200 3063
[22/Sep/2026 00:40:31] "GET /static/admin/js/filters.js HTTP/1.1" 200 978
[22/Sep/2026 00:40:31] "GET /static/admin/img/icon-addlink.svg HTTP/1.1" 200 331
[22/Sep/2026 00:40:31] "GET /static/admin/img/sorting-icons.svg HTTP/1.1" 200 1097
[22/Sep/2026 00:40:31] "GET /static/admin/img/icon-viewlink.svg HTTP/1.1" 200 581
[22/Sep/2026 00:40:31] "GET /favicon.ico HTTP/1.1" 200 6518
[22/Sep/2026 00:40:32] "GET /admin/assignments/assignmentlot/?o=2 HTTP/1.1" 200 32617
[22/Sep/2026 00:40:37] "GET /admin/assignments/progresschange/ HTTP/1.1" 200 11815
[22/Sep/2026 00:40:37] "GET /admin/assignments/progresschange/ HTTP/1.1" 200 11815
[22/Sep/2026 00:40:38] "GET /admin/assignments/taskdefinition/ HTTP/1.1" 200 43543
[22/Sep/2026 00:40:38] "GET /admin/jsi18n/ HTTP/1.1" 200 3342
[22/Sep/2026 00:40:39] "GET /admin/assignments/taskdefinition/ HTTP/1.1" 200 43543
[22/Sep/2026 00:40:58] "GET /admin/assignments/taskdefinition/add/ HTTP/1.1" 200 15744
[22/Sep/2026 00:40:58] "GET /static/admin/control_panel.css HTTP/1.1" 304 0
[22/Sep/2026 00:40:58] "GET /admin/jsi18n/ HTTP/1.1" 200 3342
[22/Sep/2026 00:40:59] "GET /admin/assignments/taskdefinition/add/ HTTP/1.1" 200 15744
[22/Sep/2026 00:41:11] "GET /admin/accounts/clientuser/ HTTP/1.1" 200 17875
[22/Sep/2026 00:41:11] "GET /admin/jsi18n/ HTTP/1.1" 200 3342
[22/Sep/2026 00:41:12] "GET /admin/accounts/clientuser/ HTTP/1.1" 200 17875
[22/Sep/2026 01:33:30] "GET / HTTP/1.1" 200 85481
[22/Sep/2026 01:33:30] "GET /local-testing.js HTTP/1.1" 200 289
[22/Sep/2026 01:33:30] "GET /local-preview.css HTTP/1.1" 200 2344
[22/Sep/2026 01:33:30] "GET /assets/ab4f449639117ccdc01dd29c.svg HTTP/1.1" 200 1764
[22/Sep/2026 01:33:30] "GET /assets/23dcb9faa2a9d4a1192836d6.webp HTTP/1.1" 200 63916
[22/Sep/2026 01:33:30] "GET /assets/43b6d565263f055694a096b0.css HTTP/1.1" 200 263377
[22/Sep/2026 01:33:30] "GET /assets/4923c95b45dcb86f4811d67c.webp HTTP/1.1" 200 138098
[22/Sep/2026 01:33:30] "GET /assets/8279317bda3e0d923a0159c6.webp HTTP/1.1" 200 201296
[22/Sep/2026 01:33:30] "GET /assets/702e015c08f6c0a850cfbcc5.jpeg HTTP/1.1" 200 137543
[22/Sep/2026 01:33:30] "GET /assets/d6879489507824f878354dd9.webp HTTP/1.1" 200 61280
[22/Sep/2026 01:33:30] "GET /assets/12735f5364257afbb733770d.jpg HTTP/1.1" 200 217014
[22/Sep/2026 01:33:30] "GET /assets/b0a8edd4bec1b05b0a25e50b.webp HTTP/1.1" 200 119786
[22/Sep/2026 01:33:30] "GET /assets/28e757b1f384d5236abde09b.webp HTTP/1.1" 200 219182
[22/Sep/2026 01:33:31] "GET /assets/d8b6bef2171ad249cee12752.webp HTTP/1.1" 200 149860
[22/Sep/2026 01:33:31] "GET /assets/e434ecdde432bbc798615ce1.webp HTTP/1.1" 200 192164
[22/Sep/2026 01:33:31] "GET /assets/918d041bb4999c935d675eb4.webp HTTP/1.1" 200 76080
[22/Sep/2026 01:33:31] "GET /assets/7ecb2bc64845e42f931b803e.svg HTTP/1.1" 200 316
[22/Sep/2026 01:33:31] "GET /assets/5d00ba56fc104a62b2cca2cc.svg HTTP/1.1" 200 192
[22/Sep/2026 01:33:31] "GET /assets/401d0c3c6e30cae36e2616da.svg HTTP/1.1" 200 807
[22/Sep/2026 01:33:31] "GET /assets/11f3839192a00cb699b593eb.svg HTTP/1.1" 200 309
[22/Sep/2026 01:33:31] "GET /assets/6828252e4c2ab7d651a2afe8.woff HTTP/1.1" 200 64054
[22/Sep/2026 01:33:31] "GET /assets/44bad73cdde7747c9ba37e80.woff HTTP/1.1" 200 65306
[22/Sep/2026 01:33:31] "GET /assets/cb3897eb723cc3d7b0e6ce94.js HTTP/1.1" 200 2434888
[22/Sep/2026 01:33:31] "GET /assets/fedf85e3ef784979ca78f80a.woff HTTP/1.1" 200 70825
[22/Sep/2026 01:33:31] "GET /assets/2c130274944398354061782b.woff HTTP/1.1" 200 48376
[22/Sep/2026 01:33:31] "GET /assets/f2b23478dc1bc123de025fb1.webp HTTP/1.1" 200 168954
[22/Sep/2026 01:33:31] "GET /assets/b1848eac503ec3ca8a04ab28.woff HTTP/1.1" 200 49834
[22/Sep/2026 01:33:31] "GET /assets/2c17ec7316c91e6bb9228bb5.woff HTTP/1.1" 200 66474
[22/Sep/2026 01:33:31] "GET /assets/55e0bbc1e30549d84d7dd33f.svg HTTP/1.1" 200 748
Not Found: /actions/permissions-gate-module/gate/validate-cookie
[22/Sep/2026 01:33:31] "GET /actions/permissions-gate-module/gate/validate-cookie?path=%2F&_=1790022811152 HTTP/1.1" 404 4467
[22/Sep/2026 01:33:31] "GET / HTTP/1.1" 200 85481
[22/Sep/2026 01:35:57] "GET /client-login/ HTTP/1.1" 302 0
[22/Sep/2026 01:35:57] "GET /dashboard/demo/ HTTP/1.1" 200 5829
[22/Sep/2026 01:35:57] "GET /static/client/portal.css HTTP/1.1" 200 6933
[22/Sep/2026 01:35:57] "GET /static/client/portal.js HTTP/1.1" 200 573
[22/Sep/2026 01:35:57] "GET /assets/ab4f449639117ccdc01dd29c.svg HTTP/1.1" 200 1764
[22/Sep/2026 01:35:58] "GET /dashboard/demo/ HTTP/1.1" 200 5829
[22/Sep/2026 01:36:02] "GET /admin/accounts/clientuser/ HTTP/1.1" 200 17875
[22/Sep/2026 01:36:02] "GET /static/admin/css/base.css HTTP/1.1" 200 22120
[22/Sep/2026 01:36:02] "GET /static/admin/css/dark_mode.css HTTP/1.1" 200 2808
[22/Sep/2026 01:36:02] "GET /static/admin/control_panel.css HTTP/1.1" 200 506
[22/Sep/2026 01:36:02] "GET /static/admin/css/nav_sidebar.css HTTP/1.1" 200 2810
[22/Sep/2026 01:36:02] "GET /static/admin/js/theme.js HTTP/1.1" 200 1653
[22/Sep/2026 01:36:02] "GET /static/admin/css/changelists.css HTTP/1.1" 200 6878
[22/Sep/2026 01:36:02] "GET /static/admin/css/forms.css HTTP/1.1" 200 8525
[22/Sep/2026 01:36:02] "GET /static/admin/css/responsive.css HTTP/1.1" 200 16565
[22/Sep/2026 01:36:02] "GET /admin/jsi18n/ HTTP/1.1" 200 3342
[22/Sep/2026 01:36:02] "GET /static/admin/js/jquery.init.js HTTP/1.1" 200 347
[22/Sep/2026 01:36:02] "GET /static/admin/js/core.js HTTP/1.1" 200 6208
[22/Sep/2026 01:36:02] "GET /static/admin/js/admin/RelatedObjectLookups.js HTTP/1.1" 200 9777
[22/Sep/2026 01:36:02] "GET /static/admin/js/actions.js HTTP/1.1" 200 8076
[22/Sep/2026 01:36:02] "GET /static/admin/js/urlify.js HTTP/1.1" 200 7887
[22/Sep/2026 01:36:02] "GET /static/admin/js/vendor/jquery/jquery.js HTTP/1.1" 200 285314
[22/Sep/2026 01:36:02] "GET /static/admin/js/prepopulate.js HTTP/1.1" 200 1531
[22/Sep/2026 01:36:03] "GET /static/admin/img/search.svg HTTP/1.1" 200 458
[22/Sep/2026 01:36:03] "GET /static/admin/js/vendor/xregexp/xregexp.js HTTP/1.1" 200 325171
[22/Sep/2026 01:36:03] "GET /static/admin/css/widgets.css HTTP/1.1" 200 11991
[22/Sep/2026 01:36:03] "GET /static/admin/js/nav_sidebar.js HTTP/1.1" 200 3063
[22/Sep/2026 01:36:03] "GET /static/admin/js/filters.js HTTP/1.1" 200 978
[22/Sep/2026 01:36:03] "GET /static/admin/img/icon-addlink.svg HTTP/1.1" 200 331
[22/Sep/2026 01:36:03] "GET /static/admin/img/icon-viewlink.svg HTTP/1.1" 200 581
[22/Sep/2026 01:36:03] "GET /static/admin/img/sorting-icons.svg HTTP/1.1" 200 1097
[22/Sep/2026 01:36:03] "GET /static/admin/img/tooltag-add.svg HTTP/1.1" 200 331
[22/Sep/2026 01:36:03] "GET /favicon.ico HTTP/1.1" 200 6518
[22/Sep/2026 01:36:03] "GET /admin/accounts/clientuser/ HTTP/1.1" 200 17875
[22/Sep/2026 01:36:08] "GET /admin/accounts/clientuser/2/change/ HTTP/1.1" 200 29634
[22/Sep/2026 01:36:08] "GET /admin/jsi18n/ HTTP/1.1" 200 3342
[22/Sep/2026 01:36:08] "GET /static/admin/js/SelectFilter2.js HTTP/1.1" 200 15845
[22/Sep/2026 01:36:08] "GET /static/admin/js/SelectBox.js HTTP/1.1" 200 4530
[22/Sep/2026 01:36:08] "GET /static/admin/img/selector-icons.svg HTTP/1.1" 200 3291
[22/Sep/2026 01:36:08] "GET /admin/accounts/clientuser/2/change/ HTTP/1.1" 200 29634
[22/Sep/2026 01:36:29] "GET /admin/assignments/assignmentlot/ HTTP/1.1" 200 32123
[22/Sep/2026 01:36:29] "GET /admin/jsi18n/ HTTP/1.1" 200 3342
[22/Sep/2026 01:36:30] "GET /admin/assignments/assignmentlot/ HTTP/1.1" 200 32123
[22/Sep/2026 02:33:37] "GET /admin/assignments/assignmentlot/ HTTP/1.1" 200 32123
[22/Sep/2026 02:33:37] "GET /static/admin/css/base.css HTTP/1.1" 200 22120
[22/Sep/2026 02:33:37] "GET /static/admin/css/dark_mode.css HTTP/1.1" 200 2808
[22/Sep/2026 02:33:37] "GET /static/admin/css/nav_sidebar.css HTTP/1.1" 200 2810
[22/Sep/2026 02:33:37] "GET /static/admin/js/theme.js HTTP/1.1" 200 1653
[22/Sep/2026 02:33:37] "GET /static/admin/control_panel.css HTTP/1.1" 200 506
[22/Sep/2026 02:33:37] "GET /static/admin/css/changelists.css HTTP/1.1" 200 6878
[22/Sep/2026 02:33:37] "GET /static/admin/css/forms.css HTTP/1.1" 200 8525
[22/Sep/2026 02:33:37] "GET /static/admin/css/responsive.css HTTP/1.1" 200 16565
[22/Sep/2026 02:33:37] "GET /static/admin/js/core.js HTTP/1.1" 200 6208
[22/Sep/2026 02:33:37] "GET /static/admin/js/jquery.init.js HTTP/1.1" 200 347
[22/Sep/2026 02:33:37] "GET /static/admin/js/admin/RelatedObjectLookups.js HTTP/1.1" 200 9777
[22/Sep/2026 02:33:37] "GET /admin/jsi18n/ HTTP/1.1" 200 3342
[22/Sep/2026 02:33:37] "GET /static/admin/js/actions.js HTTP/1.1" 200 8076
[22/Sep/2026 02:33:37] "GET /static/admin/js/vendor/jquery/jquery.js HTTP/1.1" 200 285314
[22/Sep/2026 02:33:37] "GET /static/admin/js/urlify.js HTTP/1.1" 200 7887
[22/Sep/2026 02:33:37] "GET /static/admin/js/prepopulate.js HTTP/1.1" 200 1531
[22/Sep/2026 02:33:37] "GET /static/admin/js/vendor/xregexp/xregexp.js HTTP/1.1" 200 325171
[22/Sep/2026 02:33:37] "GET /static/admin/img/search.svg HTTP/1.1" 200 458
[22/Sep/2026 02:33:37] "GET /static/admin/css/widgets.css HTTP/1.1" 200 11991
[22/Sep/2026 02:33:37] "GET /static/admin/js/nav_sidebar.js HTTP/1.1" 200 3063
[22/Sep/2026 02:33:37] "GET /static/admin/js/filters.js HTTP/1.1" 200 978
[22/Sep/2026 02:33:37] "GET /static/admin/img/sorting-icons.svg HTTP/1.1" 200 1097
[22/Sep/2026 02:33:37] "GET /static/admin/img/icon-addlink.svg HTTP/1.1" 200 331
[22/Sep/2026 02:33:37] "GET /static/admin/img/icon-viewlink.svg HTTP/1.1" 200 581
[22/Sep/2026 02:33:37] "GET /favicon.ico HTTP/1.1" 200 6518
[22/Sep/2026 02:33:38] "GET /admin/assignments/assignmentlot/ HTTP/1.1" 200 32123
[22/Sep/2026 02:33:42] "GET /admin/ HTTP/1.1" 200 9389
[22/Sep/2026 02:33:43] "GET /admin/ HTTP/1.1" 200 9389
[22/Sep/2026 02:33:47] "GET /admin/accounts/clientuser/ HTTP/1.1" 200 17875
[22/Sep/2026 02:33:47] "GET /admin/jsi18n/ HTTP/1.1" 200 3342
[22/Sep/2026 02:33:48] "GET /admin/accounts/clientuser/ HTTP/1.1" 200 17875
[22/Sep/2026 02:33:52] "GET /admin/assignments/assignmentlot/ HTTP/1.1" 200 32123
[22/Sep/2026 02:33:52] "GET /admin/jsi18n/ HTTP/1.1" 200 3342
[22/Sep/2026 02:33:53] "GET /admin/assignments/assignmentlot/ HTTP/1.1" 200 32123
[22/Sep/2026 02:34:08] "GET /admin/assignments/taskdefinition/ HTTP/1.1" 200 43543
[22/Sep/2026 02:34:08] "GET /admin/jsi18n/ HTTP/1.1" 200 3342
[22/Sep/2026 02:34:09] "GET /admin/assignments/taskdefinition/ HTTP/1.1" 200 43543
[22/Sep/2026 02:34:13] "GET /admin/assignments/progresschange/ HTTP/1.1" 200 11815
[22/Sep/2026 02:34:14] "GET /admin/assignments/progresschange/ HTTP/1.1" 200 11815
[22/Sep/2026 02:34:16] "GET /admin/assignments/assignmentlot/ HTTP/1.1" 200 32123
[22/Sep/2026 02:34:16] "GET /admin/jsi18n/ HTTP/1.1" 200 3342
[22/Sep/2026 02:34:17] "GET /admin/assignments/assignmentlot/ HTTP/1.1" 200 32123
[22/Sep/2026 02:34:22] "POST /admin/assignments/assignmentlot/ HTTP/1.1" 302 0
[22/Sep/2026 02:34:22] "GET /admin/assignments/assignmentlot/ HTTP/1.1" 200 32279
[22/Sep/2026 02:34:22] "GET /admin/jsi18n/ HTTP/1.1" 200 3342
[22/Sep/2026 02:34:22] "GET /static/admin/img/icon-yes.svg HTTP/1.1" 200 436
[22/Sep/2026 02:34:23] "GET /admin/assignments/assignmentlot/ HTTP/1.1" 200 32131
[22/Sep/2026 02:34:24] "GET /admin/assignments/progresschange/ HTTP/1.1" 200 13454
[22/Sep/2026 02:34:25] "GET /admin/assignments/progresschange/ HTTP/1.1" 200 13454
[22/Sep/2026 02:34:28] "GET /admin/assignments/taskdefinition/ HTTP/1.1" 200 43543
[22/Sep/2026 02:34:28] "GET /admin/jsi18n/ HTTP/1.1" 200 3342
[22/Sep/2026 02:34:29] "GET /admin/assignments/taskdefinition/ HTTP/1.1" 200 43543
[22/Sep/2026 02:34:40] "GET /admin/assignments/taskdefinition/add/ HTTP/1.1" 200 15744
[22/Sep/2026 02:34:40] "GET /admin/jsi18n/ HTTP/1.1" 200 3342
[22/Sep/2026 02:34:40] "GET /admin/assignments/taskdefinition/add/ HTTP/1.1" 200 15744
[22/Sep/2026 02:35:27] "GET /admin/assignments/taskdefinition/add/ HTTP/1.1" 200 15744
[22/Sep/2026 02:35:27] "GET /static/admin/css/base.css HTTP/1.1" 200 22120
[22/Sep/2026 02:35:27] "GET /static/admin/control_panel.css HTTP/1.1" 200 506
[22/Sep/2026 02:35:27] "GET /static/admin/css/dark_mode.css HTTP/1.1" 200 2808
[22/Sep/2026 02:35:27] "GET /static/admin/js/theme.js HTTP/1.1" 200 1653
[22/Sep/2026 02:35:27] "GET /static/admin/css/nav_sidebar.css HTTP/1.1" 200 2810
[22/Sep/2026 02:35:27] "GET /static/admin/css/forms.css HTTP/1.1" 200 8525
[22/Sep/2026 02:35:27] "GET /static/admin/js/core.js HTTP/1.1" 200 6208
[22/Sep/2026 02:35:27] "GET /static/admin/css/responsive.css HTTP/1.1" 200 16565
[22/Sep/2026 02:35:27] "GET /static/admin/js/admin/RelatedObjectLookups.js HTTP/1.1" 200 9777
[22/Sep/2026 02:35:27] "GET /static/admin/js/jquery.init.js HTTP/1.1" 200 347
[22/Sep/2026 02:35:27] "GET /admin/jsi18n/ HTTP/1.1" 200 3342
[22/Sep/2026 02:35:27] "GET /static/admin/js/actions.js HTTP/1.1" 200 8076
[22/Sep/2026 02:35:27] "GET /static/admin/js/vendor/jquery/jquery.js HTTP/1.1" 200 285314
[22/Sep/2026 02:35:27] "GET /static/admin/js/prepopulate.js HTTP/1.1" 200 1531
[22/Sep/2026 02:35:27] "GET /static/admin/js/urlify.js HTTP/1.1" 200 7887
[22/Sep/2026 02:35:27] "GET /static/admin/js/vendor/xregexp/xregexp.js HTTP/1.1" 200 325171
[22/Sep/2026 02:35:27] "GET /static/admin/css/widgets.css HTTP/1.1" 200 11991
[22/Sep/2026 02:35:27] "GET /static/admin/js/prepopulate_init.js HTTP/1.1" 200 586
[22/Sep/2026 02:35:27] "GET /static/admin/js/nav_sidebar.js HTTP/1.1" 200 3063
[22/Sep/2026 02:35:27] "GET /static/admin/img/icon-addlink.svg HTTP/1.1" 200 331
[22/Sep/2026 02:35:27] "GET /static/admin/js/change_form.js HTTP/1.1" 200 606
[22/Sep/2026 02:35:27] "GET /favicon.ico HTTP/1.1" 200 6518
[22/Sep/2026 02:35:28] "GET /admin/assignments/taskdefinition/add/ HTTP/1.1" 200 15744
[22/Sep/2026 02:45:09] "GET /admin/assignments/taskdefinition/add/ HTTP/1.1" 200 15744
[22/Sep/2026 02:45:09] "GET /static/admin/css/base.css HTTP/1.1" 200 22120
[22/Sep/2026 02:45:09] "GET /static/admin/css/dark_mode.css HTTP/1.1" 200 2808
[22/Sep/2026 02:45:09] "GET /static/admin/css/responsive.css HTTP/1.1" 200 16565
[22/Sep/2026 02:45:09] "GET /admin/jsi18n/ HTTP/1.1" 200 3342
[22/Sep/2026 02:45:09] "GET /static/admin/js/jquery.init.js HTTP/1.1" 200 347
[22/Sep/2026 02:45:09] "GET /static/admin/js/vendor/jquery/jquery.js HTTP/1.1" 200 285314
[22/Sep/2026 02:45:09] "GET /static/admin/js/core.js HTTP/1.1" 200 6208
[22/Sep/2026 02:45:09] "GET /static/admin/js/admin/RelatedObjectLookups.js HTTP/1.1" 200 9777
[22/Sep/2026 02:45:09] "GET /static/admin/css/nav_sidebar.css HTTP/1.1" 200 2810
[22/Sep/2026 02:45:09] "GET /static/admin/js/prepopulate.js HTTP/1.1" 200 1531
[22/Sep/2026 02:45:09] "GET /static/admin/js/urlify.js HTTP/1.1" 200 7887
[22/Sep/2026 02:45:09] "GET /static/admin/js/actions.js HTTP/1.1" 200 8076
[22/Sep/2026 02:45:09] "GET /static/admin/control_panel.css HTTP/1.1" 200 506
[22/Sep/2026 02:45:09] "GET /static/admin/js/prepopulate_init.js HTTP/1.1" 200 586
[22/Sep/2026 02:45:09] "GET /static/admin/css/forms.css HTTP/1.1" 200 8525
[22/Sep/2026 02:45:09] "GET /static/admin/js/theme.js HTTP/1.1" 200 1653
[22/Sep/2026 02:45:09] "GET /static/admin/js/vendor/xregexp/xregexp.js HTTP/1.1" 200 325171
[22/Sep/2026 02:45:09] "GET /static/admin/js/nav_sidebar.js HTTP/1.1" 200 3063
[22/Sep/2026 02:45:09] "GET /static/admin/js/change_form.js HTTP/1.1" 200 606
[22/Sep/2026 02:45:09] "GET /static/admin/css/widgets.css HTTP/1.1" 200 11991
[22/Sep/2026 02:45:09] "GET /static/admin/img/icon-addlink.svg HTTP/1.1" 200 331
[22/Sep/2026 02:45:09] "GET /favicon.ico HTTP/1.1" 200 6518
[22/Sep/2026 02:45:09] "GET /admin/assignments/taskdefinition/add/ HTTP/1.1" 200 15744
[22/Sep/2026 02:45:13] "GET /admin/accounts/clientuser/ HTTP/1.1" 200 17875
[22/Sep/2026 02:45:13] "GET /admin/jsi18n/ HTTP/1.1" 200 3342
[22/Sep/2026 02:45:14] "GET /admin/accounts/clientuser/ HTTP/1.1" 200 17875
[22/Sep/2026 02:45:22] "GET /admin/auth/group/ HTTP/1.1" 200 10412
[22/Sep/2026 02:45:22] "GET /admin/jsi18n/ HTTP/1.1" 200 3342
[22/Sep/2026 02:45:23] "GET /admin/auth/group/ HTTP/1.1" 200 10412
[22/Sep/2026 02:45:24] "GET /admin/assignments/taskdefinition/ HTTP/1.1" 200 43543
[22/Sep/2026 02:45:24] "GET /admin/jsi18n/ HTTP/1.1" 200 3342
[22/Sep/2026 02:45:25] "GET /admin/assignments/taskdefinition/ HTTP/1.1" 200 43543
[22/Sep/2026 02:45:25] "GET /admin/assignments/assignmentlot/ HTTP/1.1" 200 32131
[22/Sep/2026 02:45:25] "GET /admin/jsi18n/ HTTP/1.1" 200 3342
[22/Sep/2026 02:45:26] "GET /admin/assignments/assignmentlot/ HTTP/1.1" 200 32131
